--------------------------------------------------------------------------------
Release 14.3 Trace  (nt64)
Copyright (c) 1995-2012 Xilinx, Inc.  All rights reserved.

C:\Xilinx\14.3\ISE_DS\ISE\bin\nt64\unwrapped\trce.exe -intstyle ise -v 3 -s 4
-n 3 -fastpaths -xml karat_16.twx karat_16.ncd -o karat_16.twr karat_16.pcf

Design file:              karat_16.ncd
Physical constraint file: karat_16.pcf
Device,package,speed:     xc3s500e,fg320,-4 (PRODUCTION 1.27 2012-10-12)
Report level:             verbose report

Environment Variable      Effect 
--------------------      ------ 
NONE                      No environment variables were set
--------------------------------------------------------------------------------

INFO:Timing:2698 - No timing constraints found, doing default enumeration.
INFO:Timing:3412 - To improve timing, see the Timing Closure User Guide (UG612).
INFO:Timing:2752 - To get complete path coverage, use the unconstrained paths 
   option. All paths that are not constrained will be reported in the 
   unconstrained paths section(s) of the report.
INFO:Timing:3339 - The clock-to-out numbers in this timing report are based on 
   a 50 Ohm transmission line loading model.  For the details of this model, 
   and for more information on accounting for different loading conditions, 
   please see the device datasheet.
INFO:Timing:3390 - This architecture does not support a default System Jitter 
   value, please add SYSTEM_JITTER constraint to the UCF to modify the Clock 
   Uncertainty calculation.
INFO:Timing:3389 - This architecture does not support 'Discrete Jitter' and 
   'Phase Error' calculations, these terms will be zero in the Clock 
   Uncertainty calculation.  Please make appropriate modification to 
   SYSTEM_JITTER to account for the unsupported Discrete Jitter and Phase 
   Error.



Data Sheet report:
-----------------
All values displayed in nanoseconds (ns)

Pad to Pad
---------------+---------------+---------+
Source Pad     |Destination Pad|  Delay  |
---------------+---------------+---------+
D<0>           |F<0>           |    7.982|
D<0>           |F<1>           |    7.919|
D<0>           |F<2>           |   13.425|
D<0>           |F<3>           |   13.362|
D<0>           |F<4>           |   19.323|
D<0>           |F<5>           |   21.782|
D<0>           |F<6>           |   22.210|
D<0>           |F<7>           |   25.791|
D<0>           |F<8>           |   28.714|
D<0>           |F<9>           |   31.796|
D<0>           |F<10>          |   33.310|
D<0>           |F<11>          |   34.830|
D<0>           |F<12>          |   36.595|
D<0>           |F<13>          |   36.606|
D<0>           |F<14>          |   36.854|
D<0>           |F<15>          |   37.378|
D<0>           |F<16>          |   37.279|
D<0>           |F<17>          |   37.963|
D<0>           |F<18>          |   38.341|
D<0>           |F<19>          |   39.495|
D<0>           |F<20>          |   40.254|
D<0>           |F<21>          |   41.915|
D<0>           |F<22>          |   41.975|
D<0>           |F<23>          |   42.222|
D<0>           |F<24>          |   42.984|
D<0>           |F<25>          |   42.956|
D<0>           |F<26>          |   43.667|
D<0>           |F<27>          |   43.550|
D<0>           |F<28>          |   43.600|
D<0>           |F<29>          |   43.596|
D<0>           |F<30>          |   43.991|
D<0>           |F<31>          |   43.690|
D<1>           |F<1>           |    7.813|
D<1>           |F<2>           |    9.008|
D<1>           |F<3>           |   12.820|
D<1>           |F<4>           |   18.781|
D<1>           |F<5>           |   21.240|
D<1>           |F<6>           |   21.668|
D<1>           |F<7>           |   23.151|
D<1>           |F<8>           |   25.974|
D<1>           |F<9>           |   29.156|
D<1>           |F<10>          |   30.508|
D<1>           |F<11>          |   31.523|
D<1>           |F<12>          |   33.288|
D<1>           |F<13>          |   33.299|
D<1>           |F<14>          |   33.547|
D<1>           |F<15>          |   34.071|
D<1>           |F<16>          |   35.372|
D<1>           |F<17>          |   37.457|
D<1>           |F<18>          |   38.184|
D<1>           |F<19>          |   39.338|
D<1>           |F<20>          |   40.097|
D<1>           |F<21>          |   41.758|
D<1>           |F<22>          |   41.818|
D<1>           |F<23>          |   42.065|
D<1>           |F<24>          |   42.827|
D<1>           |F<25>          |   42.799|
D<1>           |F<26>          |   43.510|
D<1>           |F<27>          |   43.393|
D<1>           |F<28>          |   43.443|
D<1>           |F<29>          |   43.439|
D<1>           |F<30>          |   43.834|
D<1>           |F<31>          |   43.533|
D<2>           |F<2>           |   13.637|
D<2>           |F<3>           |   13.108|
D<2>           |F<4>           |   18.959|
D<2>           |F<5>           |   21.418|
D<2>           |F<6>           |   21.846|
D<2>           |F<7>           |   24.212|
D<2>           |F<8>           |   27.181|
D<2>           |F<9>           |   30.363|
D<2>           |F<10>          |   31.715|
D<2>           |F<11>          |   32.599|
D<2>           |F<12>          |   34.364|
D<2>           |F<13>          |   34.375|
D<2>           |F<14>          |   34.623|
D<2>           |F<15>          |   35.147|
D<2>           |F<16>          |   35.048|
D<2>           |F<17>          |   37.056|
D<2>           |F<18>          |   37.783|
D<2>           |F<19>          |   38.937|
D<2>           |F<20>          |   39.696|
D<2>           |F<21>          |   41.357|
D<2>           |F<22>          |   41.417|
D<2>           |F<23>          |   41.664|
D<2>           |F<24>          |   42.426|
D<2>           |F<25>          |   42.398|
D<2>           |F<26>          |   43.109|
D<2>           |F<27>          |   42.992|
D<2>           |F<28>          |   43.042|
D<2>           |F<29>          |   43.038|
D<2>           |F<30>          |   43.433|
D<2>           |F<31>          |   43.132|
D<3>           |F<3>           |   13.357|
D<3>           |F<4>           |   19.318|
D<3>           |F<5>           |   21.777|
D<3>           |F<6>           |   22.205|
D<3>           |F<7>           |   23.176|
D<3>           |F<8>           |   25.961|
D<3>           |F<9>           |   28.496|
D<3>           |F<10>          |   30.028|
D<3>           |F<11>          |   31.548|
D<3>           |F<12>          |   33.313|
D<3>           |F<13>          |   33.324|
D<3>           |F<14>          |   33.572|
D<3>           |F<15>          |   34.096|
D<3>           |F<16>          |   34.630|
D<3>           |F<17>          |   36.715|
D<3>           |F<18>          |   37.442|
D<3>           |F<19>          |   38.596|
D<3>           |F<20>          |   39.355|
D<3>           |F<21>          |   41.016|
D<3>           |F<22>          |   41.076|
D<3>           |F<23>          |   41.323|
D<3>           |F<24>          |   42.085|
D<3>           |F<25>          |   42.057|
D<3>           |F<26>          |   42.768|
D<3>           |F<27>          |   42.651|
D<3>           |F<28>          |   42.701|
D<3>           |F<29>          |   42.697|
D<3>           |F<30>          |   43.092|
D<3>           |F<31>          |   42.791|
D<4>           |F<4>           |   13.902|
D<4>           |F<5>           |   16.095|
D<4>           |F<6>           |   21.539|
D<4>           |F<7>           |   24.182|
D<4>           |F<8>           |   27.005|
D<4>           |F<9>           |   30.187|
D<4>           |F<10>          |   31.539|
D<4>           |F<11>          |   32.769|
D<4>           |F<12>          |   34.534|
D<4>           |F<13>          |   34.545|
D<4>           |F<14>          |   34.793|
D<4>           |F<15>          |   35.317|
D<4>           |F<16>          |   35.218|
D<4>           |F<17>          |   36.082|
D<4>           |F<18>          |   36.809|
D<4>           |F<19>          |   37.963|
D<4>           |F<20>          |   38.722|
D<4>           |F<21>          |   40.383|
D<4>           |F<22>          |   40.443|
D<4>           |F<23>          |   40.690|
D<4>           |F<24>          |   41.452|
D<4>           |F<25>          |   41.424|
D<4>           |F<26>          |   42.135|
D<4>           |F<27>          |   42.018|
D<4>           |F<28>          |   42.068|
D<4>           |F<29>          |   42.064|
D<4>           |F<30>          |   42.459|
D<4>           |F<31>          |   42.158|
D<5>           |F<5>           |   16.167|
D<5>           |F<6>           |   20.396|
D<5>           |F<7>           |   24.852|
D<5>           |F<8>           |   27.675|
D<5>           |F<9>           |   30.857|
D<5>           |F<10>          |   32.209|
D<5>           |F<11>          |   33.224|
D<5>           |F<12>          |   34.989|
D<5>           |F<13>          |   35.000|
D<5>           |F<14>          |   35.248|
D<5>           |F<15>          |   35.772|
D<5>           |F<16>          |   35.673|
D<5>           |F<17>          |   36.357|
D<5>           |F<18>          |   36.721|
D<5>           |F<19>          |   37.875|
D<5>           |F<20>          |   38.634|
D<5>           |F<21>          |   40.295|
D<5>           |F<22>          |   40.355|
D<5>           |F<23>          |   40.602|
D<5>           |F<24>          |   41.364|
D<5>           |F<25>          |   41.336|
D<5>           |F<26>          |   42.047|
D<5>           |F<27>          |   41.930|
D<5>           |F<28>          |   41.980|
D<5>           |F<29>          |   41.976|
D<5>           |F<30>          |   42.371|
D<5>           |F<31>          |   42.070|
D<6>           |F<6>           |   21.283|
D<6>           |F<7>           |   22.133|
D<6>           |F<8>           |   26.263|
D<6>           |F<9>           |   28.259|
D<6>           |F<10>          |   29.568|
D<6>           |F<11>          |   30.511|
D<6>           |F<12>          |   32.276|
D<6>           |F<13>          |   32.287|
D<6>           |F<14>          |   32.535|
D<6>           |F<15>          |   33.059|
D<6>           |F<16>          |   33.322|
D<6>           |F<17>          |   35.354|
D<6>           |F<18>          |   36.134|
D<6>           |F<19>          |   37.288|
D<6>           |F<20>          |   38.047|
D<6>           |F<21>          |   39.708|
D<6>           |F<22>          |   39.768|
D<6>           |F<23>          |   40.015|
D<6>           |F<24>          |   40.777|
D<6>           |F<25>          |   40.749|
D<6>           |F<26>          |   41.460|
D<6>           |F<27>          |   41.343|
D<6>           |F<28>          |   41.393|
D<6>           |F<29>          |   41.389|
D<6>           |F<30>          |   41.784|
D<6>           |F<31>          |   41.483|
D<7>           |F<7>           |   22.778|
D<7>           |F<8>           |   25.941|
D<7>           |F<9>           |   27.937|
D<7>           |F<10>          |   29.630|
D<7>           |F<11>          |   31.150|
D<7>           |F<12>          |   32.915|
D<7>           |F<13>          |   32.926|
D<7>           |F<14>          |   33.174|
D<7>           |F<15>          |   33.698|
D<7>           |F<16>          |   33.599|
D<7>           |F<17>          |   34.960|
D<7>           |F<18>          |   35.740|
D<7>           |F<19>          |   36.894|
D<7>           |F<20>          |   37.653|
D<7>           |F<21>          |   39.314|
D<7>           |F<22>          |   39.374|
D<7>           |F<23>          |   39.621|
D<7>           |F<24>          |   40.383|
D<7>           |F<25>          |   40.355|
D<7>           |F<26>          |   41.066|
D<7>           |F<27>          |   40.949|
D<7>           |F<28>          |   40.999|
D<7>           |F<29>          |   40.995|
D<7>           |F<30>          |   41.390|
D<7>           |F<31>          |   41.089|
D<8>           |F<8>           |   13.757|
D<8>           |F<9>           |   15.566|
D<8>           |F<10>          |   19.550|
D<8>           |F<11>          |   20.367|
D<8>           |F<12>          |   24.415|
D<8>           |F<13>          |   28.000|
D<8>           |F<14>          |   28.523|
D<8>           |F<15>          |   31.374|
D<8>           |F<16>          |   34.465|
D<8>           |F<17>          |   36.550|
D<8>           |F<18>          |   37.277|
D<8>           |F<19>          |   38.431|
D<8>           |F<20>          |   39.190|
D<8>           |F<21>          |   40.851|
D<8>           |F<22>          |   40.911|
D<8>           |F<23>          |   41.158|
D<8>           |F<24>          |   41.920|
D<8>           |F<25>          |   41.892|
D<8>           |F<26>          |   42.603|
D<8>           |F<27>          |   42.486|
D<8>           |F<28>          |   42.536|
D<8>           |F<29>          |   42.532|
D<8>           |F<30>          |   42.927|
D<8>           |F<31>          |   42.626|
D<9>           |F<9>           |   15.515|
D<9>           |F<10>          |   19.133|
D<9>           |F<11>          |   20.565|
D<9>           |F<12>          |   24.613|
D<9>           |F<13>          |   28.198|
D<9>           |F<14>          |   28.721|
D<9>           |F<15>          |   31.323|
D<9>           |F<16>          |   34.414|
D<9>           |F<17>          |   36.499|
D<9>           |F<18>          |   37.226|
D<9>           |F<19>          |   38.380|
D<9>           |F<20>          |   39.139|
D<9>           |F<21>          |   40.800|
D<9>           |F<22>          |   40.860|
D<9>           |F<23>          |   41.107|
D<9>           |F<24>          |   41.869|
D<9>           |F<25>          |   41.841|
D<9>           |F<26>          |   42.552|
D<9>           |F<27>          |   42.435|
D<9>           |F<28>          |   42.485|
D<9>           |F<29>          |   42.481|
D<9>           |F<30>          |   42.876|
D<9>           |F<31>          |   42.575|
D<10>          |F<10>          |   20.937|
D<10>          |F<11>          |   22.369|
D<10>          |F<12>          |   26.417|
D<10>          |F<13>          |   30.002|
D<10>          |F<14>          |   30.525|
D<10>          |F<15>          |   33.302|
D<10>          |F<16>          |   36.393|
D<10>          |F<17>          |   38.478|
D<10>          |F<18>          |   39.205|
D<10>          |F<19>          |   40.359|
D<10>          |F<20>          |   41.118|
D<10>          |F<21>          |   42.779|
D<10>          |F<22>          |   42.839|
D<10>          |F<23>          |   43.086|
D<10>          |F<24>          |   43.848|
D<10>          |F<25>          |   43.820|
D<10>          |F<26>          |   44.531|
D<10>          |F<27>          |   44.414|
D<10>          |F<28>          |   44.464|
D<10>          |F<29>          |   44.460|
D<10>          |F<30>          |   44.855|
D<10>          |F<31>          |   44.554|
D<11>          |F<11>          |   19.780|
D<11>          |F<12>          |   23.828|
D<11>          |F<13>          |   27.413|
D<11>          |F<14>          |   27.936|
D<11>          |F<15>          |   31.400|
D<11>          |F<16>          |   34.491|
D<11>          |F<17>          |   36.576|
D<11>          |F<18>          |   37.303|
D<11>          |F<19>          |   38.457|
D<11>          |F<20>          |   39.216|
D<11>          |F<21>          |   40.877|
D<11>          |F<22>          |   40.937|
D<11>          |F<23>          |   41.184|
D<11>          |F<24>          |   41.946|
D<11>          |F<25>          |   41.918|
D<11>          |F<26>          |   42.629|
D<11>          |F<27>          |   42.512|
D<11>          |F<28>          |   42.562|
D<11>          |F<29>          |   42.558|
D<11>          |F<30>          |   42.953|
D<11>          |F<31>          |   42.652|
D<12>          |F<12>          |   21.379|
D<12>          |F<13>          |   23.424|
D<12>          |F<14>          |   27.336|
D<12>          |F<15>          |   31.731|
D<12>          |F<16>          |   34.822|
D<12>          |F<17>          |   36.907|
D<12>          |F<18>          |   37.634|
D<12>          |F<19>          |   38.788|
D<12>          |F<20>          |   39.547|
D<12>          |F<21>          |   41.208|
D<12>          |F<22>          |   41.268|
D<12>          |F<23>          |   41.515|
D<12>          |F<24>          |   42.277|
D<12>          |F<25>          |   42.249|
D<12>          |F<26>          |   42.960|
D<12>          |F<27>          |   42.843|
D<12>          |F<28>          |   42.893|
D<12>          |F<29>          |   42.889|
D<12>          |F<30>          |   43.284|
D<12>          |F<31>          |   42.983|
D<13>          |F<13>          |   22.983|
D<13>          |F<14>          |   26.895|
D<13>          |F<15>          |   31.290|
D<13>          |F<16>          |   34.381|
D<13>          |F<17>          |   36.466|
D<13>          |F<18>          |   37.193|
D<13>          |F<19>          |   38.347|
D<13>          |F<20>          |   39.106|
D<13>          |F<21>          |   40.767|
D<13>          |F<22>          |   40.827|
D<13>          |F<23>          |   41.074|
D<13>          |F<24>          |   41.836|
D<13>          |F<25>          |   41.808|
D<13>          |F<26>          |   42.519|
D<13>          |F<27>          |   42.402|
D<13>          |F<28>          |   42.452|
D<13>          |F<29>          |   42.448|
D<13>          |F<30>          |   42.843|
D<13>          |F<31>          |   42.542|
D<14>          |F<14>          |   26.505|
D<14>          |F<15>          |   31.290|
D<14>          |F<16>          |   34.381|
D<14>          |F<17>          |   36.413|
D<14>          |F<18>          |   37.193|
D<14>          |F<19>          |   38.347|
D<14>          |F<20>          |   39.106|
D<14>          |F<21>          |   40.767|
D<14>          |F<22>          |   40.827|
D<14>          |F<23>          |   41.074|
D<14>          |F<24>          |   41.836|
D<14>          |F<25>          |   41.808|
D<14>          |F<26>          |   42.519|
D<14>          |F<27>          |   42.402|
D<14>          |F<28>          |   42.452|
D<14>          |F<29>          |   42.448|
D<14>          |F<30>          |   42.843|
D<14>          |F<31>          |   42.542|
D<15>          |F<15>          |   30.540|
D<15>          |F<16>          |   33.631|
D<15>          |F<17>          |   35.663|
D<15>          |F<18>          |   36.443|
D<15>          |F<19>          |   37.597|
D<15>          |F<20>          |   38.356|
D<15>          |F<21>          |   40.017|
D<15>          |F<22>          |   40.077|
D<15>          |F<23>          |   40.324|
D<15>          |F<24>          |   41.086|
D<15>          |F<25>          |   41.058|
D<15>          |F<26>          |   41.769|
D<15>          |F<27>          |   41.652|
D<15>          |F<28>          |   41.702|
D<15>          |F<29>          |   41.698|
D<15>          |F<30>          |   42.093|
D<15>          |F<31>          |   41.792|
E<0>           |F<0>           |    9.586|
E<0>           |F<1>           |    9.528|
E<0>           |F<2>           |   15.765|
E<0>           |F<3>           |   16.605|
E<0>           |F<4>           |   22.477|
E<0>           |F<5>           |   24.936|
E<0>           |F<6>           |   25.364|
E<0>           |F<7>           |   26.077|
E<0>           |F<8>           |   29.120|
E<0>           |F<9>           |   31.655|
E<0>           |F<10>          |   32.843|
E<0>           |F<11>          |   34.361|
E<0>           |F<12>          |   36.126|
E<0>           |F<13>          |   36.137|
E<0>           |F<14>          |   36.385|
E<0>           |F<15>          |   36.909|
E<0>           |F<16>          |   36.810|
E<0>           |F<17>          |   37.494|
E<0>           |F<18>          |   37.686|
E<0>           |F<19>          |   38.961|
E<0>           |F<20>          |   39.599|
E<0>           |F<21>          |   41.260|
E<0>           |F<22>          |   41.320|
E<0>           |F<23>          |   41.567|
E<0>           |F<24>          |   42.329|
E<0>           |F<25>          |   42.301|
E<0>           |F<26>          |   43.012|
E<0>           |F<27>          |   42.895|
E<0>           |F<28>          |   42.945|
E<0>           |F<29>          |   42.941|
E<0>           |F<30>          |   43.336|
E<0>           |F<31>          |   43.035|
E<1>           |F<1>           |    8.719|
E<1>           |F<2>           |    9.832|
E<1>           |F<3>           |   15.554|
E<1>           |F<4>           |   20.838|
E<1>           |F<5>           |   23.297|
E<1>           |F<6>           |   23.725|
E<1>           |F<7>           |   24.531|
E<1>           |F<8>           |   27.481|
E<1>           |F<9>           |   30.016|
E<1>           |F<10>          |   31.587|
E<1>           |F<11>          |   33.285|
E<1>           |F<12>          |   35.050|
E<1>           |F<13>          |   35.061|
E<1>           |F<14>          |   35.309|
E<1>           |F<15>          |   35.833|
E<1>           |F<16>          |   35.734|
E<1>           |F<17>          |   36.961|
E<1>           |F<18>          |   37.666|
E<1>           |F<19>          |   38.941|
E<1>           |F<20>          |   39.579|
E<1>           |F<21>          |   41.240|
E<1>           |F<22>          |   41.300|
E<1>           |F<23>          |   41.547|
E<1>           |F<24>          |   42.309|
E<1>           |F<25>          |   42.281|
E<1>           |F<26>          |   42.992|
E<1>           |F<27>          |   42.875|
E<1>           |F<28>          |   42.925|
E<1>           |F<29>          |   42.921|
E<1>           |F<30>          |   43.316|
E<1>           |F<31>          |   43.015|
E<2>           |F<2>           |   15.444|
E<2>           |F<3>           |   16.284|
E<2>           |F<4>           |   22.156|
E<2>           |F<5>           |   24.615|
E<2>           |F<6>           |   25.043|
E<2>           |F<7>           |   25.756|
E<2>           |F<8>           |   28.799|
E<2>           |F<9>           |   31.334|
E<2>           |F<10>          |   32.522|
E<2>           |F<11>          |   32.703|
E<2>           |F<12>          |   33.836|
E<2>           |F<13>          |   33.847|
E<2>           |F<14>          |   34.095|
E<2>           |F<15>          |   34.619|
E<2>           |F<16>          |   34.520|
E<2>           |F<17>          |   37.090|
E<2>           |F<18>          |   37.795|
E<2>           |F<19>          |   39.070|
E<2>           |F<20>          |   39.708|
E<2>           |F<21>          |   41.369|
E<2>           |F<22>          |   41.429|
E<2>           |F<23>          |   41.676|
E<2>           |F<24>          |   42.438|
E<2>           |F<25>          |   42.410|
E<2>           |F<26>          |   43.121|
E<2>           |F<27>          |   43.004|
E<2>           |F<28>          |   43.054|
E<2>           |F<29>          |   43.050|
E<2>           |F<30>          |   43.445|
E<2>           |F<31>          |   43.144|
E<3>           |F<3>           |   15.610|
E<3>           |F<4>           |   19.778|
E<3>           |F<5>           |   22.237|
E<3>           |F<6>           |   22.665|
E<3>           |F<7>           |   23.378|
E<3>           |F<8>           |   26.421|
E<3>           |F<9>           |   28.956|
E<3>           |F<10>          |   30.430|
E<3>           |F<11>          |   32.128|
E<3>           |F<12>          |   33.893|
E<3>           |F<13>          |   33.904|
E<3>           |F<14>          |   34.152|
E<3>           |F<15>          |   34.676|
E<3>           |F<16>          |   34.577|
E<3>           |F<17>          |   37.192|
E<3>           |F<18>          |   37.897|
E<3>           |F<19>          |   39.172|
E<3>           |F<20>          |   39.810|
E<3>           |F<21>          |   41.471|
E<3>           |F<22>          |   41.531|
E<3>           |F<23>          |   41.778|
E<3>           |F<24>          |   42.540|
E<3>           |F<25>          |   42.512|
E<3>           |F<26>          |   43.223|
E<3>           |F<27>          |   43.106|
E<3>           |F<28>          |   43.156|
E<3>           |F<29>          |   43.152|
E<3>           |F<30>          |   43.547|
E<3>           |F<31>          |   43.246|
E<4>           |F<4>           |   15.426|
E<4>           |F<5>           |   16.837|
E<4>           |F<6>           |   21.487|
E<4>           |F<7>           |   25.039|
E<4>           |F<8>           |   27.497|
E<4>           |F<9>           |   29.957|
E<4>           |F<10>          |   32.095|
E<4>           |F<11>          |   33.793|
E<4>           |F<12>          |   35.558|
E<4>           |F<13>          |   35.569|
E<4>           |F<14>          |   35.817|
E<4>           |F<15>          |   36.341|
E<4>           |F<16>          |   36.242|
E<4>           |F<17>          |   36.926|
E<4>           |F<18>          |   37.662|
E<4>           |F<19>          |   38.816|
E<4>           |F<20>          |   39.575|
E<4>           |F<21>          |   41.236|
E<4>           |F<22>          |   41.296|
E<4>           |F<23>          |   41.543|
E<4>           |F<24>          |   42.305|
E<4>           |F<25>          |   42.277|
E<4>           |F<26>          |   42.988|
E<4>           |F<27>          |   42.871|
E<4>           |F<28>          |   42.921|
E<4>           |F<29>          |   42.917|
E<4>           |F<30>          |   43.312|
E<4>           |F<31>          |   43.011|
E<5>           |F<5>           |   18.399|
E<5>           |F<6>           |   19.604|
E<5>           |F<7>           |   24.500|
E<5>           |F<8>           |   26.958|
E<5>           |F<9>           |   29.418|
E<5>           |F<10>          |   31.556|
E<5>           |F<11>          |   33.254|
E<5>           |F<12>          |   35.019|
E<5>           |F<13>          |   35.030|
E<5>           |F<14>          |   35.278|
E<5>           |F<15>          |   35.802|
E<5>           |F<16>          |   35.703|
E<5>           |F<17>          |   36.387|
E<5>           |F<18>          |   36.918|
E<5>           |F<19>          |   38.072|
E<5>           |F<20>          |   38.831|
E<5>           |F<21>          |   40.492|
E<5>           |F<22>          |   40.552|
E<5>           |F<23>          |   40.799|
E<5>           |F<24>          |   41.561|
E<5>           |F<25>          |   41.533|
E<5>           |F<26>          |   42.244|
E<5>           |F<27>          |   42.127|
E<5>           |F<28>          |   42.177|
E<5>           |F<29>          |   42.173|
E<5>           |F<30>          |   42.568|
E<5>           |F<31>          |   42.267|
E<6>           |F<6>           |   22.474|
E<6>           |F<7>           |   24.285|
E<6>           |F<8>           |   27.099|
E<6>           |F<9>           |   29.095|
E<6>           |F<10>          |   31.341|
E<6>           |F<11>          |   33.039|
E<6>           |F<12>          |   34.804|
E<6>           |F<13>          |   34.815|
E<6>           |F<14>          |   35.063|
E<6>           |F<15>          |   35.587|
E<6>           |F<16>          |   35.488|
E<6>           |F<17>          |   36.172|
E<6>           |F<18>          |   36.115|
E<6>           |F<19>          |   37.531|
E<6>           |F<20>          |   38.113|
E<6>           |F<21>          |   39.328|
E<6>           |F<22>          |   39.388|
E<6>           |F<23>          |   39.635|
E<6>           |F<24>          |   40.397|
E<6>           |F<25>          |   40.369|
E<6>           |F<26>          |   41.080|
E<6>           |F<27>          |   40.963|
E<6>           |F<28>          |   41.013|
E<6>           |F<29>          |   41.009|
E<6>           |F<30>          |   41.404|
E<6>           |F<31>          |   41.103|
E<7>           |F<7>           |   23.471|
E<7>           |F<8>           |   26.763|
E<7>           |F<9>           |   28.759|
E<7>           |F<10>          |   30.527|
E<7>           |F<11>          |   32.225|
E<7>           |F<12>          |   33.990|
E<7>           |F<13>          |   34.001|
E<7>           |F<14>          |   34.249|
E<7>           |F<15>          |   34.773|
E<7>           |F<16>          |   34.674|
E<7>           |F<17>          |   35.358|
E<7>           |F<18>          |   35.479|
E<7>           |F<19>          |   37.240|
E<7>           |F<20>          |   37.822|
E<7>           |F<21>          |   39.037|
E<7>           |F<22>          |   39.097|
E<7>           |F<23>          |   39.344|
E<7>           |F<24>          |   40.106|
E<7>           |F<25>          |   40.078|
E<7>           |F<26>          |   40.789|
E<7>           |F<27>          |   40.672|
E<7>           |F<28>          |   40.722|
E<7>           |F<29>          |   40.718|
E<7>           |F<30>          |   41.113|
E<7>           |F<31>          |   40.812|
E<8>           |F<8>           |   15.360|
E<8>           |F<9>           |   17.272|
E<8>           |F<10>          |   20.722|
E<8>           |F<11>          |   21.710|
E<8>           |F<12>          |   25.758|
E<8>           |F<13>          |   29.343|
E<8>           |F<14>          |   29.866|
E<8>           |F<15>          |   31.304|
E<8>           |F<16>          |   34.710|
E<8>           |F<17>          |   37.595|
E<8>           |F<18>          |   38.300|
E<8>           |F<19>          |   39.575|
E<8>           |F<20>          |   40.213|
E<8>           |F<21>          |   41.874|
E<8>           |F<22>          |   41.934|
E<8>           |F<23>          |   42.181|
E<8>           |F<24>          |   42.943|
E<8>           |F<25>          |   42.915|
E<8>           |F<26>          |   43.626|
E<8>           |F<27>          |   43.509|
E<8>           |F<28>          |   43.559|
E<8>           |F<29>          |   43.555|
E<8>           |F<30>          |   43.950|
E<8>           |F<31>          |   43.649|
E<9>           |F<9>           |   16.880|
E<9>           |F<10>          |   20.325|
E<9>           |F<11>          |   21.567|
E<9>           |F<12>          |   25.615|
E<9>           |F<13>          |   29.200|
E<9>           |F<14>          |   29.723|
E<9>           |F<15>          |   31.161|
E<9>           |F<16>          |   34.567|
E<9>           |F<17>          |   37.452|
E<9>           |F<18>          |   38.157|
E<9>           |F<19>          |   39.432|
E<9>           |F<20>          |   40.070|
E<9>           |F<21>          |   41.731|
E<9>           |F<22>          |   41.791|
E<9>           |F<23>          |   42.038|
E<9>           |F<24>          |   42.800|
E<9>           |F<25>          |   42.772|
E<9>           |F<26>          |   43.483|
E<9>           |F<27>          |   43.366|
E<9>           |F<28>          |   43.416|
E<9>           |F<29>          |   43.412|
E<9>           |F<30>          |   43.807|
E<9>           |F<31>          |   43.506|
E<10>          |F<10>          |   20.972|
E<10>          |F<11>          |   21.455|
E<10>          |F<12>          |   25.290|
E<10>          |F<13>          |   28.875|
E<10>          |F<14>          |   29.398|
E<10>          |F<15>          |   31.282|
E<10>          |F<16>          |   34.688|
E<10>          |F<17>          |   37.573|
E<10>          |F<18>          |   38.278|
E<10>          |F<19>          |   39.553|
E<10>          |F<20>          |   40.191|
E<10>          |F<21>          |   41.852|
E<10>          |F<22>          |   41.912|
E<10>          |F<23>          |   42.159|
E<10>          |F<24>          |   42.921|
E<10>          |F<25>          |   42.893|
E<10>          |F<26>          |   43.604|
E<10>          |F<27>          |   43.487|
E<10>          |F<28>          |   43.537|
E<10>          |F<29>          |   43.533|
E<10>          |F<30>          |   43.928|
E<10>          |F<31>          |   43.627|
E<11>          |F<11>          |   21.277|
E<11>          |F<12>          |   25.325|
E<11>          |F<13>          |   28.910|
E<11>          |F<14>          |   29.433|
E<11>          |F<15>          |   31.690|
E<11>          |F<16>          |   35.096|
E<11>          |F<17>          |   37.981|
E<11>          |F<18>          |   38.686|
E<11>          |F<19>          |   39.961|
E<11>          |F<20>          |   40.599|
E<11>          |F<21>          |   42.260|
E<11>          |F<22>          |   42.320|
E<11>          |F<23>          |   42.567|
E<11>          |F<24>          |   43.329|
E<11>          |F<25>          |   43.301|
E<11>          |F<26>          |   44.012|
E<11>          |F<27>          |   43.895|
E<11>          |F<28>          |   43.945|
E<11>          |F<29>          |   43.941|
E<11>          |F<30>          |   44.336|
E<11>          |F<31>          |   44.035|
E<12>          |F<12>          |   20.617|
E<12>          |F<13>          |   23.561|
E<12>          |F<14>          |   26.713|
E<12>          |F<15>          |   30.632|
E<12>          |F<16>          |   34.038|
E<12>          |F<17>          |   36.778|
E<12>          |F<18>          |   37.628|
E<12>          |F<19>          |   38.782|
E<12>          |F<20>          |   39.541|
E<12>          |F<21>          |   41.202|
E<12>          |F<22>          |   41.262|
E<12>          |F<23>          |   41.509|
E<12>          |F<24>          |   42.271|
E<12>          |F<25>          |   42.243|
E<12>          |F<26>          |   42.954|
E<12>          |F<27>          |   42.837|
E<12>          |F<28>          |   42.887|
E<12>          |F<29>          |   42.883|
E<12>          |F<30>          |   43.278|
E<12>          |F<31>          |   42.977|
E<13>          |F<13>          |   23.003|
E<13>          |F<14>          |   26.155|
E<13>          |F<15>          |   30.074|
E<13>          |F<16>          |   33.480|
E<13>          |F<17>          |   36.092|
E<13>          |F<18>          |   37.070|
E<13>          |F<19>          |   38.224|
E<13>          |F<20>          |   38.983|
E<13>          |F<21>          |   40.644|
E<13>          |F<22>          |   40.704|
E<13>          |F<23>          |   40.951|
E<13>          |F<24>          |   41.713|
E<13>          |F<25>          |   41.685|
E<13>          |F<26>          |   42.396|
E<13>          |F<27>          |   42.279|
E<13>          |F<28>          |   42.329|
E<13>          |F<29>          |   42.325|
E<13>          |F<30>          |   42.720|
E<13>          |F<31>          |   42.419|
E<14>          |F<14>          |   24.113|
E<14>          |F<15>          |   28.639|
E<14>          |F<16>          |   32.045|
E<14>          |F<17>          |   35.432|
E<14>          |F<18>          |   35.651|
E<14>          |F<19>          |   37.412|
E<14>          |F<20>          |   37.994|
E<14>          |F<21>          |   39.209|
E<14>          |F<22>          |   39.269|
E<14>          |F<23>          |   39.516|
E<14>          |F<24>          |   40.278|
E<14>          |F<25>          |   40.250|
E<14>          |F<26>          |   40.961|
E<14>          |F<27>          |   40.844|
E<14>          |F<28>          |   40.894|
E<14>          |F<29>          |   40.890|
E<14>          |F<30>          |   41.285|
E<14>          |F<31>          |   40.984|
E<15>          |F<15>          |   28.134|
E<15>          |F<16>          |   31.540|
E<15>          |F<17>          |   34.927|
E<15>          |F<18>          |   35.146|
E<15>          |F<19>          |   36.907|
E<15>          |F<20>          |   37.489|
E<15>          |F<21>          |   38.704|
E<15>          |F<22>          |   38.764|
E<15>          |F<23>          |   39.011|
E<15>          |F<24>          |   39.773|
E<15>          |F<25>          |   39.745|
E<15>          |F<26>          |   40.456|
E<15>          |F<27>          |   40.339|
E<15>          |F<28>          |   40.389|
E<15>          |F<29>          |   40.385|
E<15>          |F<30>          |   40.780|
E<15>          |F<31>          |   40.479|
---------------+---------------+---------+


Analysis completed Mon Apr 23 21:04:37 2018 
--------------------------------------------------------------------------------

Trace Settings:
-------------------------
Trace Settings 

Peak Memory Usage: 187 MB



